
> software-lab@0.1.0 build
> next build

Γû▓ Next.js 16.1.1 (Turbopack)
- Environments: .env.local

node.exe : ΓÜá The "middleware" file 
convention is deprecated. Please use 
"proxy" instead. Learn more: https://
nextjs.org/docs/messages/middleware-t
o-proxy
At line:1 char:1
+ & "C:\Program 
Files\nodejs/node.exe" "C:\Program 
Files\nodejs/node_mo ...
+ ~~~~~~~~~~~~~~~~~~~~~~~~~~~~~~~~~~~
~~~~~~~~~~~~~~~~~~~~~~~~~~~~~~~~~~
    + CategoryInfo          : NotSpe 
   cified: (ΓÜá The "middle...lewar  
  e-to-proxy:String) [], RemoteExc   
 eption
    + FullyQualifiedErrorId : Native 
   CommandError
 
  Creating an optimized production build ...
Γ£ô Compiled successfully in 35.1s
  Running TypeScript ...
  Collecting page data using 7 workers ...
  Generating static pages using 7 workers (0/62) ...
  Generating static pages using 7 workers (15/62) 
  Generating static pages using 7 workers (30/62) 
  Generating static pages using 7 workers (46/62) 
>>> [DATABASE] MongoDB connected successfully.
Γ£ô Generating static pages using 7 workers (62/62) in 8.2s
  Finalizing page optimization ...

Route (app)
Γöî Γùï /_not-found
Γö£ ╞Æ /[locale]
Γö£ ╞Æ /[locale]/about
Γö£ ╞Æ /[locale]/blog
Γö£ ΓùÅ /[locale]/blog/[slug]
Γöé Γö£ /en/blog/future-of-agency-dev
Γöé Γö£ /ur/blog/future-of-agency-dev
Γöé Γöö /ar/blog/future-of-agency-dev
Γö£ ╞Æ /[locale]/case-studies
Γö£ ΓùÅ /[locale]/case-studies/[slug]
Γöé Γö£ /en/case-studies/fintech-scalability
Γöé Γö£ /en/case-studies/ecommerce-scale
Γöé Γö£ /ur/case-studies/fintech-scalability
Γöé Γöö [+3 more paths]
Γö£ ╞Æ /[locale]/pricing
Γö£ ╞Æ /[locale]/process
Γö£ ╞Æ /[locale]/quote
Γö£ ╞Æ /[locale]/services
Γö£ ΓùÅ /[locale]/services/[slug]
Γöé Γö£ /en/services/custom-software
Γöé Γö£ /en/services/full-stack-websites
Γöé Γö£ /en/services/ecommerce
Γöé Γöö [+9 more paths]
Γö£ ΓùÅ /[locale]/services/[slug]/[subSlug]
Γöé Γö£ /en/services/custom-software/web-app-development
Γöé Γö£ /en/services/custom-software/mobile-app-development
Γöé Γö£ /en/services/custom-software/saas-development
Γöé Γöö [+18 more paths]
Γö£ ΓùÅ /[locale]/tech/[slug]
Γöé Γö£ /en/tech/nextjs
Γöé Γö£ /en/tech/shopify
Γöé Γö£ /en/tech/n8n
Γöé Γöö [+6 more paths]
Γö£ ╞Æ /admin/analytics
Γö£ ╞Æ /admin/leads
Γö£ ╞Æ /admin/leads/[id]
Γö£ Γùï /admin/login
Γö£ ╞Æ /admin/settings
Γö£ ╞Æ /admin/tasks
Γö£ ╞Æ /api/auth/[...nextauth]
Γö£ ╞Æ /llms.txt
Γö£ Γùï /robots.txt
Γöö Γùï /sitemap.xml


╞Æ Proxy (Middleware)

Γùï  (Static)   prerendered as static content
ΓùÅ  (SSG)      prerendered as static HTML (uses generateStaticParams)
╞Æ  (Dynamic)  server-rendered on demand

